[08-08 14:12:52] === vigilando el final de la Fase 2C (sondeo cada 3 min, sin tocar /mnt/c) ===
[08-08 17:28:52] ejecucion terminada (0 FuzzyFW, 0 runner). Esperando 60 s a que se cierren ficheros.
[08-08 17:29:55] chunks TSN2 presentes: 2562 / 2562
[08-08 17:29:55] --- 1/4 extraccion de TSN2 (se descarta el CSV a medias anterior) ---
final/phase2/results_tsn2.csv : 12810 filas
[08-08 17:38:35] --- comprobacion de integridad: 30 runs por instancia y brazo ---
  30 runs: 427 combinaciones
[08-08 17:38:35] --- 2/4 RPD de los cuatro algoritmos sobre las cotas inferiores publicadas ---
=== la referencia antigua (best_known) frente a la cota inferior publicada ===
instancias con ambas referencias: 61
best_known por DEBAJO de la LB publicada (imposible -> referencia blanda): 0
holgura best_known vs LB:  mediana +3.05%   rango [+0.00%, +12.52%]

=== RPD medio (%) sobre la cota inferior publicada ===
algo      n_ins       A0     V2H      V2     MOR      GT      GP     MIX
ga           61     7.53    7.69    8.08    9.70    8.48    8.00    7.58
abce3        61    10.52    9.52    9.40   10.73   10.22    9.69    9.39
feabcls      61     3.61    3.56    3.60    5.08    4.43    3.96    3.59
tsn2         61     3.51    3.48    3.57    4.18    3.95    3.62    3.35

(brazos sin datos aparecen como NA; n_ins = instancias con TODOS los brazos)
[08-08 17:38:39] --- 3/4 Wilcoxon pareado + Holm + A12, por algoritmo ---

[08-08 17:38:39] ### ga ###
arm     wins   ties losses       dAvg      A12
V2H       10     33     18        4.4    0.548
V2         8     25     28       12.5    0.622
MOR        1      3     57       43.7    0.922
GT         5     15     41       20.3    0.739
GP         9     21     31       11.7    0.648
MIX       13     29     19        2.6    0.525

(wins/losses: Wilcoxon pareado con Holm por instancia, alfa=0.05; dAvg: media de deltas vs A0; A12<0.5 = el brazo tiende a ser mejor)

=== delta medio vs A0 por clase ===
clase        V2H       V2      MOR       GT       GP      MIX
10x10        0.0      1.3     48.3     10.5      4.6      3.9
15x15       -3.8     -1.9     23.1      9.8     -1.3     -9.4
20x20       -5.4     -1.6     28.7      5.5     -4.4     -4.8
30x15        7.1     13.8     43.0     19.7     12.4      6.3
30x20       11.9     31.0     39.3     20.6     16.6     10.0
50x15        3.7      7.7     77.6     39.0     23.1      3.5
50x20       13.5     27.4     50.0     28.1     24.6     10.0

[08-08 17:38:42] ### abce3 ###
arm     wins   ties losses       dAvg      A12
V2H       32     29      0      -21.7    0.298
V2        36     25      0      -24.5    0.271
MOR        2     55      4        3.8    0.545
GT        14     46      1       -6.2    0.435
GP        29     32      0      -17.4    0.323
MIX       35     26      0      -24.2    0.270

(wins/losses: Wilcoxon pareado con Holm por instancia, alfa=0.05; dAvg: media de deltas vs A0; A12<0.5 = el brazo tiende a ser mejor)

=== delta medio vs A0 por clase ===
clase        V2H       V2      MOR       GT       GP      MIX
10x10       -1.1      1.7      2.3     -1.8      2.0      4.2
15x15       -3.0     -4.4      1.8     -2.5     -6.4     -5.4
20x20      -19.1    -20.8      1.8     -3.2    -14.7    -20.2
30x15      -11.6    -13.6      8.5     -3.1    -10.1    -16.1
30x20      -29.4    -30.0      5.8    -12.7    -25.3    -33.9
50x15      -36.7    -41.5      6.4     -2.2     -9.4    -29.2
50x20      -32.2    -39.6     -1.1    -14.1    -40.6    -43.2

[08-08 17:38:46] ### feabcls ###
arm     wins   ties losses       dAvg      A12
V2H       10     42      9       -0.6    0.486
V2        11     37     13        0.2    0.503
MOR        1      5     55       28.5    0.887
GT         3     11     47       16.0    0.776
GP         9     24     28        6.6    0.638
MIX        9     41     11       -0.5    0.494

(wins/losses: Wilcoxon pareado con Holm por instancia, alfa=0.05; dAvg: media de deltas vs A0; A12<0.5 = el brazo tiende a ser mejor)

=== delta medio vs A0 por clase ===
clase        V2H       V2      MOR       GT       GP      MIX
10x10        2.6      2.5     12.5      6.4      5.8      4.3
15x15        0.9      1.7     14.1      7.0      4.6      1.7
20x20       -1.8     -0.6     23.2     17.5      9.2      1.5
30x15       -3.1     -2.1     26.0     14.6      4.6     -2.1
30x20       -5.1     -5.9     49.8     23.5      7.5     -4.2
50x15       -0.4      0.3     24.4     11.4      5.1      1.0
50x20        5.8      7.7     35.2     23.0      8.6     -1.8

[08-08 17:38:49] ### tsn2 ###
arm     wins   ties losses       dAvg      A12
V2H        7     50      4       -1.0    0.489
V2         5     46     10        0.6    0.525
MOR        8     15     38       10.4    0.689
GT         8     22     31        6.1    0.653
GP         8     38     15       -0.4    0.540
MIX       12     46      3       -5.0    0.452

(wins/losses: Wilcoxon pareado con Holm por instancia, alfa=0.05; dAvg: media de deltas vs A0; A12<0.5 = el brazo tiende a ser mejor)

=== delta medio vs A0 por clase ===
clase        V2H       V2      MOR       GT       GP      MIX
10x10        3.1      3.5     11.1      8.3     10.3      5.6
15x15        0.2      1.9      8.2      8.1      6.4      1.3
20x20       -0.5     -0.2     15.0     17.1      6.8     -0.2
30x15        0.7      2.3     15.9     10.4      3.3      0.3
30x20        0.8      3.4     33.7     15.6      6.2     -2.2
50x15       -0.2      0.7      8.7      0.9     -0.3     -0.7
50x20       -7.6     -4.9    -19.3    -15.9    -26.1    -29.2
[08-08 17:38:53] --- 4/4 tablas y figuras ---
Error in file(file, "rt") : cannot open the connection
Calls: read.csv -> read.table -> file
In addition: Warning message:
In file(file, "rt") :
  cannot open file 'final/phase2/results_NA.csv': No such file or directory
Execution halted
[08-08 17:38:53] === ANALISIS COMPLETO ===
